------------------------------------------------------------
Timing Analyzer Summary
------------------------------------------------------------

Type  : Slow 1200mV 85C Model Setup 'grafic_generator|DivByTwo_inst|altpll_component|auto_generated|pll1|clk[0]'
Slack : 15.858
TNS   : 0.000

Type  : Slow 1200mV 85C Model Hold 'grafic_generator|DivByTwo_inst|altpll_component|auto_generated|pll1|clk[0]'
Slack : 0.418
TNS   : 0.000

Type  : Slow 1200mV 85C Model Minimum Pulse Width 'MAX10_CLK1_50'
Slack : 9.681
TNS   : 0.000

Type  : Slow 1200mV 85C Model Minimum Pulse Width 'grafic_generator|DivByTwo_inst|altpll_component|auto_generated|pll1|clk[0]'
Slack : 19.724
TNS   : 0.000

Type  : Slow 1200mV 0C Model Setup 'grafic_generator|DivByTwo_inst|altpll_component|auto_generated|pll1|clk[0]'
Slack : 16.353
TNS   : 0.000

Type  : Slow 1200mV 0C Model Hold 'grafic_generator|DivByTwo_inst|altpll_component|auto_generated|pll1|clk[0]'
Slack : 0.338
TNS   : 0.000

Type  : Slow 1200mV 0C Model Minimum Pulse Width 'MAX10_CLK1_50'
Slack : 9.728
TNS   : 0.000

Type  : Slow 1200mV 0C Model Minimum Pulse Width 'grafic_generator|DivByTwo_inst|altpll_component|auto_generated|pll1|clk[0]'
Slack : 19.713
TNS   : 0.000

Type  : Fast 1200mV 0C Model Setup 'grafic_generator|DivByTwo_inst|altpll_component|auto_generated|pll1|clk[0]'
Slack : 18.356
TNS   : 0.000

Type  : Fast 1200mV 0C Model Hold 'grafic_generator|DivByTwo_inst|altpll_component|auto_generated|pll1|clk[0]'
Slack : 0.208
TNS   : 0.000

Type  : Fast 1200mV 0C Model Minimum Pulse Width 'MAX10_CLK1_50'
Slack : 9.289
TNS   : 0.000

Type  : Fast 1200mV 0C Model Minimum Pulse Width 'grafic_generator|DivByTwo_inst|altpll_component|auto_generated|pll1|clk[0]'
Slack : 19.801
TNS   : 0.000

------------------------------------------------------------
